// Vitest Snapshot v1

exports[`build command (html entry) > builds a simple HTML entry point 1`] = `
---------------------------------
STDOUT
---------------------------------
✔  Finished index.html with 0 error(s) and 0 warning(s) in XX time
---------------------------------
entry.js
---------------------------------
// src/entry.tsx
import ReactDOM from "react-dom";

// src/app.tsx
function App() {
  return /* @__PURE__ */ React.createElement("div", null, "Hello world");
}

// src/entry.tsx
ReactDOM.render(
  /* @__PURE__ */ React.createElement(App, null),
  document.getElementById("root")
);

---------------------------------
index.html
---------------------------------
<!DOCTYPE html>
<html>
  <head>
    <script defer="" type="module" src="entry.js"></script>
  </head>
  <body>
    <div id="root"></div>
  </body>
</html>

`;

exports[`build command (html entry) > includes referenced CSS from HTML 1`] = `
---------------------------------
STDOUT
---------------------------------
✔  Finished index.html with 0 error(s) and 0 warning(s) in XX time
---------------------------------
entry.0.css
---------------------------------
/* styles/app.css */
.app {
  background: green;
}

/* styles/entry.css */
body {
  background: red;
}

---------------------------------
entry.1.js
---------------------------------
// src/entry.tsx
import ReactDOM from "react-dom";

// src/app.tsx
function App() {
  return /* @__PURE__ */ React.createElement("div", null, "Hello world");
}

// src/entry.tsx
ReactDOM.render(
  /* @__PURE__ */ React.createElement(App, null),
  document.getElementById("root")
);

---------------------------------
index.html
---------------------------------
<!DOCTYPE html>
<html>
  <head>
    <link rel="stylesheet" href="entry.0.css" />
    <script defer="" type="module" src="entry.1.js"></script>
  </head>
  <body>
    <div id="root"></div>
  </body>
</html>

`;

exports[`build command (html entry) > includes referenced CSS from JS 1`] = `
---------------------------------
STDOUT
---------------------------------
✔  Finished index.html with 0 error(s) and 0 warning(s) in XX time
---------------------------------
entry.css
---------------------------------
/* src/app.css */
.app {
  background: green;
}

/* src/entry.css */
body {
  background: red;
}

---------------------------------
entry.js
---------------------------------
// src/entry.tsx
import ReactDOM from "react-dom";

// src/app.tsx
function App() {
  return /* @__PURE__ */ React.createElement("div", null, "Hello world");
}

// src/entry.tsx
ReactDOM.render(
  /* @__PURE__ */ React.createElement(App, null),
  document.getElementById("root")
);

---------------------------------
index.html
---------------------------------
<!DOCTYPE html>
<html>
  <head>
    <script defer="" type="module" src="entry.js"></script>
    <link href="entry.css" rel="stylesheet" />
  </head>
  <body>
    <div id="root"></div>
  </body>
</html>

`;

exports[`build command (html entry) > includes referenced assets from HTML 1`] = `
---------------------------------
STDOUT
---------------------------------
✔  Finished index.html with 0 error(s) and 0 warning(s) in XX time
---------------------------------
entry.js
---------------------------------
// src/entry.tsx
import ReactDOM from "react-dom";
function App() {
  return /* @__PURE__ */ React.createElement("div", null, "Hello world");
}
ReactDOM.render(
  /* @__PURE__ */ React.createElement(App, null),
  document.getElementById("root")
);

---------------------------------
favicon.png
---------------------------------
IMA FAVICON
---------------------------------
index.html
---------------------------------
<!DOCTYPE html>
<html>
  <head>
    <link rel="apple-touch-icon" href="favicon.png" />
    <script defer="" type="module" src="entry.js"></script>
  </head>
  <body>
    <div id="root"></div>
  </body>
</html>

`;

exports[`build command (html entry) > includes referenced assets from style tags 1`] = `
---------------------------------
STDOUT
---------------------------------
✔  Finished index.html with 0 error(s) and 0 warning(s) in XX time
---------------------------------
cats.jpg
---------------------------------
MEOW
---------------------------------
entry.js
---------------------------------
// src/entry.tsx
import ReactDOM from "react-dom";
function App() {
  return /* @__PURE__ */ React.createElement("div", null, "Hello world");
}
ReactDOM.render(
  /* @__PURE__ */ React.createElement(App, null),
  document.getElementById("root")
);

---------------------------------
index.html
---------------------------------
<!DOCTYPE html>
<html>
  <head>
    <style>
      body {
        background: url(cats.jpg);
      }
    </style>
    <script defer="" type="module" src="entry.js"></script>
  </head>
  <body>
    <div id="root"></div>
  </body>
</html>

`;

exports[`build command (html entry) > supports automatic react runtime 1`] = `
---------------------------------
STDOUT
---------------------------------
✔  Finished index.html with 0 error(s) and 0 warning(s) in XX time
---------------------------------
entry.js
---------------------------------
// src/entry.tsx
import ReactDOM from "react-dom";

// src/app.tsx
import { jsx } from "react/jsx-runtime";
function App() {
  return /* @__PURE__ */ jsx("div", {
    children: "Hello world",
  });
}

// src/entry.tsx
import { jsx as jsx2 } from "react/jsx-runtime";
ReactDOM.render(/* @__PURE__ */ jsx2(App, {}), document.getElementById("root"));

---------------------------------
index.html
---------------------------------
<!DOCTYPE html>
<html>
  <head>
    <script defer="" type="module" src="entry.js"></script>
  </head>
  <body>
    <div id="root"></div>
  </body>
</html>

`;

exports[`build command (html entry) > writes integrity hashes if requested 1`] = `
---------------------------------
STDOUT
---------------------------------
✔  Finished index.html with 0 error(s) and 0 warning(s) in XX time
---------------------------------
cats.jpg
---------------------------------
MEOW
---------------------------------
entry.0.css
---------------------------------
/* styles/entry.css */
body {
  background: red;
}

---------------------------------
entry.1.js
---------------------------------
// src/entry.tsx
import ReactDOM from "react-dom";
function App() {
  return /* @__PURE__ */ React.createElement("div", null, "Hello world");
}
ReactDOM.render(
  /* @__PURE__ */ React.createElement(App, null),
  document.getElementById("root")
);

---------------------------------
favicon.png
---------------------------------
IMA FAVICON
---------------------------------
index.html
---------------------------------
<!DOCTYPE html>
<html>
  <head>
    <style>
      body {
        background: url(cats.jpg);
      }
    </style>
    <link
      rel="apple-touch-icon"
      href="favicon.png"
      integrity="sha256-m/XpYP27F4yCq5KBTKxEzP5x4gZBZjo5zeuDXbm+ypw="
    />
    <link
      rel="stylesheet"
      href="entry.0.css"
      integrity="sha256-h7N0aRQFgi82y9VoYyAN3AlXuyhJ58bQ1uWjjffOWm4="
    />
    <script
      defer=""
      type="module"
      src="entry.1.js"
      integrity="sha256-NvQobgjBDGRnA/TwQI2waRjuU25hnAjteV1NhFBmjbo="
    ></script>
  </head>
  <body>
    <div id="root"></div>
  </body>
</html>

`;
